// Jest Snapshot v1, https://goo.gl/fbAQLP

exports[`ChatHistory renders correctly and matches snapshot 1`] = `
<div>
  <div
    class="ant-app"
  >
    <div
      class="flex flex-col w-1/4 bg-white p-4 my-5 rounded-3xl overflow-y-auto relative"
    >
      <div
        class="sticky top-0 z-10 p-2 bg-white border-b border-gray-200 "
      >
        <h4
          class="ant-typography #000"
        >
          Chat History
        </h4>
      </div>
      <div
        class="flex-grow overflow-y-auto p-2 space-y-2 h-[90vh]"
      />
      <div
        class="sticky bottom-0 z-10 p-2 bg-white flex justify-center"
      >
        <button
          class="ant-btn ant-btn-default !px-10 !bg-peach-200 !text-black !font-semibold"
          type="button"
        >
          <span>
            + New Chat
          </span>
        </button>
      </div>
    </div>
  </div>
</div>
`;
