// Jest Snapshot v1, https://goo.gl/fbAQLP

exports[`ChatHistory renders correctly and matches snapshot 1`] = `
<body>
  <div>
    <div
      class="ant-app"
    >
      <div
        class="w-2/5 bg-white p-4 h-screen overflow-y-auto"
      >
        Chat History
      </div>
    </div>
  </div>
</body>
`;
